step  t       D       aspect
    0    0.00 0.0162 1.0329
  200    1.60 0.0151 1.0306
  400    3.20 0.0108 1.0219
  600    4.80 0.0001 1.0002
  800    6.40 0.0038 1.0076
 1000    8.00 0.0096 1.0194
 1200    9.60 0.0130 1.0264
 1400   11.20 0.0141 1.0286
 1600   12.80 0.0158 1.0322
 1800   14.40 0.0158 1.0321
 2000   16.00 0.0158 1.0321
 2200   17.60 0.0158 1.0321
 2400   19.20 0.0151 1.0307
 2600   20.80 0.0145 1.0294
 2800   22.40 0.0136 1.0275
 3000   24.00 0.0124 1.0252
 3200   25.60 0.0113 1.0229
 3400   27.20 0.0100 1.0202
 3600   28.80 0.0087 1.0175
 3800   30.40 0.0073 1.0146
 4000   32.00 0.0058 1.0117
 4200   33.60 0.0043 1.0087
 4400   35.20 0.0029 1.0058
 4600   36.80 0.0017 1.0033
 4800   38.40 0.0014 1.0029
 5000   40.00 0.0025 1.0051
 5200   41.60 0.0039 1.0079
 5400   43.20 0.0054 1.0108
 5600   44.80 0.0067 1.0135
 5800   46.40 0.0079 1.0160
 6000   48.00 0.0090 1.0181
 6200   49.60 0.0099 1.0200
 6400   51.20 0.0107 1.0217
 6600   52.80 0.0114 1.0230
 6800   54.40 0.0120 1.0242
 7000   56.00 0.0125 1.0253
 7200   57.60 0.0129 1.0262
 7400   59.20 0.0133 1.0270
 7600   60.80 0.0137 1.0278
 7800   62.40 0.0140 1.0284
FINAL  8000   64.00 0.0143 1.0290
