[2026-09-03 09:33:57] waiting for wave-3 records; missing ['0.01', '0.003']
[2026-09-03 09:38:57] waiting for wave-3 records; missing ['0.01', '0.003']
[2026-09-03 09:43:57] waiting for wave-3 records; missing ['0.01', '0.003']
[2026-09-03 09:48:57] waiting for wave-3 records; missing ['0.01', '0.003']
[2026-09-03 09:53:57] waiting for wave-3 records; missing ['0.01', '0.003']
[2026-09-03 09:58:57] waiting for wave-3 records; missing ['0.01', '0.003']
[2026-09-03 10:03:57] waiting for wave-3 records; missing ['0.01', '0.003']
[2026-09-03 10:08:57] waiting for wave-3 records; missing ['0.01', '0.003']
[2026-09-03 10:13:57] waiting for wave-3 records; missing ['0.01', '0.003']
[2026-09-03 10:18:57] waiting for wave-3 records; missing ['0.01', '0.003']
[2026-09-03 10:23:57] waiting for wave-3 records; missing ['0.01', '0.003']
[2026-09-03 10:28:57] waiting for wave-3 records; missing ['0.01', '0.003']
[2026-09-03 10:33:57] waiting for wave-3 records; missing ['0.01', '0.003']
[2026-09-03 10:38:57] waiting for wave-3 records; missing ['0.01', '0.003']
[2026-09-03 10:43:57] waiting for wave-3 records; missing ['0.01', '0.003']
[2026-09-03 10:48:57] waiting for wave-3 records; missing ['0.01', '0.003']
[2026-09-03 10:53:57] waiting for wave-3 records; missing ['0.01', '0.003']
[2026-09-03 10:58:57] waiting for wave-3 records; missing ['0.01', '0.003']
[2026-09-03 11:03:57] waiting for wave-3 records; missing ['0.01', '0.003']
[2026-09-03 11:08:57] waiting for wave-3 records; missing ['0.003']
[2026-09-03 11:13:57] launched extension rate 0.03 steps=43482 pid=7752
[2026-09-03 14:42:51] extension 0.03 rc=0
[2026-09-03 14:42:52] merge rc=0
[2026-09-03 14:43:44] EXTENSION ORCHESTRATOR COMPLETE tests_rc=0
