step  t       D       aspect
    0    0.00 0.0162 1.0329
  200    1.60 0.0152 1.0310
  400    3.20 0.0142 1.0288
  600    4.80 0.0093 1.0187
  800    6.40 0.0076 1.0154
 1000    8.00 0.0056 1.0112
 1200    9.60 0.0043 1.0086
 1400   11.20 0.0039 1.0079
 1600   12.80 0.0037 1.0073
 1800   14.40 0.0037 1.0075
 2000   16.00 0.0039 1.0079
 2200   17.60 0.0042 1.0084
 2400   19.20 0.0046 1.0093
 2600   20.80 0.0051 1.0103
 2800   22.40 0.0057 1.0115
 3000   24.00 0.0064 1.0128
 3200   25.60 0.0070 1.0142
 3400   27.20 0.0077 1.0156
 3600   28.80 0.0084 1.0170
 3800   30.40 0.0091 1.0184
 4000   32.00 0.0098 1.0198
 4200   33.60 0.0105 1.0211
 4400   35.20 0.0110 1.0223
 4600   36.80 0.0116 1.0234
 4800   38.40 0.0121 1.0244
 5000   40.00 0.0125 1.0253
 5200   41.60 0.0129 1.0261
 5400   43.20 0.0132 1.0267
 5600   44.80 0.0135 1.0273
 5800   46.40 0.0138 1.0279
FINAL  6000   48.00 0.0140 1.0284
