N=5755  R=6.0  domain=(0.0, 0.0, 44.0, 26.0)
  r       P(r)     rho(r)
   0.12   1.9872  1.0188
   0.38   1.7159  1.0163
   0.62   1.8566  1.0176
   0.88   1.1932  1.0115
   1.12   1.2712  1.0122
   1.38   1.1046  1.0106
   1.62   0.9485  1.0092
   1.88   1.0205  1.0099
   2.12   1.2913  1.0124
   2.38   1.4196  1.0136
   2.62   1.8797  1.0178
   2.88   1.9061  1.0180
   3.12   1.4907  1.0142
   3.38   1.3188  1.0123
   3.62   0.7581  1.0058
   3.88   0.9472  1.0086
   4.12   0.6594  1.0045
   4.38   1.8006  1.0168
   4.62   1.9044  1.0180
   4.88   1.1052  1.0107
   5.12   0.7293  1.0067
   5.38   0.1153  0.9890
   5.62   0.0000  0.9628
   5.88   0.0000  0.9575
   6.38   0.0000  0.9031
   6.62   0.0000  0.9174
   6.88   0.0000  0.9459
   7.12   0.0000  0.9575
   7.38   0.0000  0.9806
   7.62   0.0088  0.9880
Traceback (most recent call last):
  File "C:\Users\Okapi\Downloads\PED Files\tau_mech\scripts\diag_radial_profile.py", line 71, in <module>
    main()
    ~~~~^^
  File "C:\Users\Okapi\Downloads\PED Files\tau_mech\scripts\diag_radial_profile.py", line 59, in main
    print(f"  {rb[i]:5.2f}  {pm[i]:7.4f}  {rm[i]:6.4f}")
                             ~~^^^
IndexError: index 31 is out of bounds for axis 0 with size 31
