step  t       D       aspect
    0    0.00 0.0162 1.0329
  250    2.00 0.0165 1.0335
  500    4.00 0.0139 1.0283
  750    6.00 0.0074 1.0148
 1000    8.00 0.0042 1.0085
 1250   10.00 0.0036 1.0073
 1500   12.00 0.0042 1.0084
 1750   14.00 0.0051 1.0102
 2000   16.00 0.0060 1.0122
 2250   18.00 0.0070 1.0142
 2500   20.00 0.0080 1.0162
 2750   22.00 0.0089 1.0180
 3000   24.00 0.0098 1.0197
 3250   26.00 0.0105 1.0213
 3500   28.00 0.0112 1.0227
 3750   30.00 0.0119 1.0240
 4000   32.00 0.0124 1.0252
 4250   34.00 0.0129 1.0262
 4500   36.00 0.0134 1.0271
 4750   38.00 0.0138 1.0280
 5000   40.00 0.0141 1.0287
 5250   42.00 0.0145 1.0294
 5500   44.00 0.0147 1.0299
 5750   46.00 0.0150 1.0304
 6000   48.00 0.0152 1.0308
 6250   50.00 0.0154 1.0313
 6500   52.00 0.0157 1.0318
 6750   54.00 0.0157 1.0319
 7000   56.00 0.0157 1.0320
 7250   58.00 0.0157 1.0319
 7500   60.00 0.0157 1.0318
 7750   62.00 0.0156 1.0316
 8000   64.00 0.0154 1.0314
 8250   66.00 0.0153 1.0311
 8500   68.00 0.0151 1.0307
 8750   70.00 0.0149 1.0303
 9000   72.00 0.0147 1.0299
 9250   74.00 0.0145 1.0294
 9500   76.00 0.0142 1.0288
 9750   78.00 0.0139 1.0283
10000   80.00 0.0137 1.0277
10250   82.00 0.0134 1.0271
10500   84.00 0.0131 1.0265
10750   86.00 0.0127 1.0258
11000   88.00 0.0124 1.0251
11250   90.00 0.0121 1.0245
11500   92.00 0.0117 1.0237
11750   94.00 0.0114 1.0230
FINAL 12000   96.00 0.0110 1.0223
