step  t       D       aspect
    0    0.00 0.0162 1.0329
  250    2.00 0.0116 1.0235
  500    4.00 0.0002 1.0005
  750    6.00 0.0173 1.0352
 1000    8.00 0.0303 1.0625
 1250   10.00 0.0346 1.0717
 1500   12.00 0.0346 1.0718
 1750   14.00 0.0345 1.0715
 2000   16.00 0.0352 1.0730
 2250   18.00 0.0357 1.0740
 2500   20.00 0.0351 1.0727
 2750   22.00 0.0337 1.0697
 3000   24.00 0.0320 1.0661
 3250   26.00 0.0302 1.0623
 3500   28.00 0.0283 1.0582
 3750   30.00 0.0262 1.0539
 4000   32.00 0.0241 1.0493
 4250   34.00 0.0218 1.0447
 4500   36.00 0.0196 1.0401
 4750   38.00 0.0174 1.0355
 5000   40.00 0.0153 1.0310
 5250   42.00 0.0131 1.0266
 5500   44.00 0.0110 1.0222
 5750   46.00 0.0089 1.0180
 6000   48.00 0.0069 1.0139
 6250   50.00 0.0049 1.0099
 6500   52.00 0.0031 1.0062
 6750   54.00 0.0019 1.0037
 7000   56.00 0.0024 1.0048
 7250   58.00 0.0041 1.0081
 7500   60.00 0.0059 1.0119
 7750   62.00 0.0078 1.0158
 8000   64.00 0.0097 1.0195
 8250   66.00 0.0113 1.0229
 8500   68.00 0.0128 1.0259
 8750   70.00 0.0140 1.0285
 9000   72.00 0.0150 1.0305
 9250   74.00 0.0158 1.0321
 9500   76.00 0.0164 1.0333
 9750   78.00 0.0168 1.0342
10000   80.00 0.0171 1.0349
10250   82.00 0.0174 1.0354
10500   84.00 0.0175 1.0357
10750   86.00 0.0176 1.0359
11000   88.00 0.0177 1.0359
11250   90.00 0.0176 1.0359
11500   92.00 0.0176 1.0358
11750   94.00 0.0174 1.0355
FINAL 12000   96.00 0.0173 1.0352
